[    0.000000] Initializing cgroup subsys cpuset
[    0.000000] Initializing cgroup subsys cpu
[    0.000000] Initializing cgroup subsys cpuacct
[    0.000000] Linux version 4.4.0-142-generic (buildd@lgw01-amd64-033) (gcc version 5.4.0 20160609 (Ubuntu 5.4.0-6ubuntu1~16.04.10) ) #168-Ubuntu SMP Wed Jan 16 21:00:45 UTC 2019 (Ubuntu 4.4.0-142.168-generic 4.4.167)
[    0.000000] Command line: BOOT_IMAGE=/boot/vmlinuz-4.4.0-142-generic root=LABEL=cloudimg-rootfs ro console=tty1 console=ttyS0
[    0.000000] KERNEL supported cpus:
[    0.000000]   Intel GenuineIntel
[    0.000000]   AMD AuthenticAMD
[    0.000000]   Centaur CentaurHauls
[    0.000000] x86/fpu: xstate_offset[2]:  576, xstate_sizes[2]:  256
[    0.000000] x86/fpu: Supporting XSAVE feature 0x01: 'x87 floating point registers'
[    0.000000] x86/fpu: Supporting XSAVE feature 0x02: 'SSE registers'
[    0.000000] x86/fpu: Supporting XSAVE feature 0x04: 'AVX registers'
[    0.000000] x86/fpu: Enabled xstate features 0x7, context size is 832 bytes, using 'standard' format.
[    0.000000] e820: BIOS-provided physical RAM map:
[    0.000000] BIOS-e820: [mem 0x0000000000000000-0x000000000009fbff] usable
[    0.000000] BIOS-e820: [mem 0x000000000009fc00-0x000000000009ffff] reserved
[    0.000000] BIOS-e820: [mem 0x00000000000f0000-0x00000000000fffff] reserved
[    0.000000] BIOS-e820: [mem 0x0000000000100000-0x000000007ffeffff] usable
[    0.000000] BIOS-e820: [mem 0x000000007fff0000-0x000000007fffffff] ACPI data
[    0.000000] BIOS-e820: [mem 0x00000000fec00000-0x00000000fec00fff] reserved
[    0.000000] BIOS-e820: [mem 0x00000000fee00000-0x00000000fee00fff] reserved
[    0.000000] BIOS-e820: [mem 0x00000000fffc0000-0x00000000ffffffff] reserved
[    0.000000] NX (Execute Disable) protection: active
[    0.000000] SMBIOS 2.5 present.
[    0.000000] Hypervisor detected: KVM
[    0.000000] e820: last_pfn = 0x7fff0 max_arch_pfn = 0x400000000
[    0.000000] MTRR: Disabled
[    0.000000] x86/PAT: MTRRs disabled, skipping PAT initialization too.
[    0.000000] CPU MTRRs all blank - virtualized system.
[    0.000000] x86/PAT: Configuration [0-7]: WB  WT  UC- UC  WB  WT  UC- UC  
[    0.000000] found SMP MP-table at [mem 0x0009fff0-0x0009ffff] mapped at [ffff88000009fff0]
[    0.000000] Scanning 1 areas for low memory corruption
[    0.000000] RAMDISK: [mem 0x3630a000-0x3717cfff]
[    0.000000] ACPI: Early table checksum verification disabled
[    0.000000] ACPI: RSDP 0x00000000000E0000 000024 (v02 VBOX  )
[    0.000000] ACPI: XSDT 0x000000007FFF0030 00003C (v01 VBOX   VBOXXSDT 00000001 ASL  00000061)
[    0.000000] ACPI: FACP 0x000000007FFF00F0 0000F4 (v04 VBOX   VBOXFACP 00000001 ASL  00000061)
[    0.000000] ACPI: DSDT 0x000000007FFF0470 0022EA (v02 VBOX   VBOXBIOS 00000002 INTL 20100528)
[    0.000000] ACPI: FACS 0x000000007FFF0200 000040
[    0.000000] ACPI: FACS 0x000000007FFF0200 000040
[    0.000000] ACPI: APIC 0x000000007FFF0240 00005C (v02 VBOX   VBOXAPIC 00000001 ASL  00000061)
[    0.000000] ACPI: SSDT 0x000000007FFF02A0 0001CC (v01 VBOX   VBOXCPUT 00000002 INTL 20100528)
[    0.000000] No NUMA configuration found
[    0.000000] Faking a node at [mem 0x0000000000000000-0x000000007ffeffff]
[    0.000000] NODE_DATA(0) allocated [mem 0x7ffeb000-0x7ffeffff]
[    0.000000] kvm-clock: Using msrs 4b564d01 and 4b564d00
[    0.000000] kvm-clock: cpu 0, msr 0:7ffe3001, primary cpu clock
[    0.000000] kvm-clock: using sched offset of 3671858935 cycles
[    0.000000] clocksource: kvm-clock: mask: 0xffffffffffffffff max_cycles: 0x1cd42e4dffb, max_idle_ns: 881590591483 ns
[    0.000000] Zone ranges:
[    0.000000]   DMA      [mem 0x0000000000001000-0x0000000000ffffff]
[    0.000000]   DMA32    [mem 0x0000000001000000-0x000000007ffeffff]
[    0.000000]   Normal   empty
[    0.000000]   Device   empty
[    0.000000] Movable zone start for each node
[    0.000000] Early memory node ranges
[    0.000000]   node   0: [mem 0x0000000000001000-0x000000000009efff]
[    0.000000]   node   0: [mem 0x0000000000100000-0x000000007ffeffff]
[    0.000000] Initmem setup node 0 [mem 0x0000000000001000-0x000000007ffeffff]
[    0.000000] ACPI: PM-Timer IO Port: 0x4008
[    0.000000] IOAPIC[0]: apic_id 2, version 32, address 0xfec00000, GSI 0-23
[    0.000000] ACPI: INT_SRC_OVR (bus 0 bus_irq 0 global_irq 2 dfl dfl)
[    0.000000] ACPI: INT_SRC_OVR (bus 0 bus_irq 9 global_irq 9 low level)
[    0.000000] Using ACPI (MADT) for SMP configuration information
[    0.000000] smpboot: Allowing 2 CPUs, 0 hotplug CPUs
[    0.000000] PM: Registered nosave memory: [mem 0x00000000-0x00000fff]
[    0.000000] PM: Registered nosave memory: [mem 0x0009f000-0x0009ffff]
[    0.000000] PM: Registered nosave memory: [mem 0x000a0000-0x000effff]
[    0.000000] PM: Registered nosave memory: [mem 0x000f0000-0x000fffff]
[    0.000000] e820: [mem 0x80000000-0xfebfffff] available for PCI devices
[    0.000000] Booting paravirtualized kernel on KVM
[    0.000000] clocksource: refined-jiffies: mask: 0xffffffff max_cycles: 0xffffffff, max_idle_ns: 7645519600211568 ns
[    0.000000] setup_percpu: NR_CPUS:512 nr_cpumask_bits:512 nr_cpu_ids:2 nr_node_ids:1
[    0.000000] PERCPU: Embedded 34 pages/cpu @ffff88007fc00000 s99480 r8192 d31592 u1048576
[    0.000000] Built 1 zonelists in Node order, mobility grouping on.  Total pages: 515960
[    0.000000] Policy zone: DMA32
[    0.000000] Kernel command line: BOOT_IMAGE=/boot/vmlinuz-4.4.0-142-generic root=LABEL=cloudimg-rootfs ro console=tty1 console=ttyS0
[    0.000000] PID hash table entries: 4096 (order: 3, 32768 bytes)
[    0.000000] Memory: 2029928K/2096696K available (8603K kernel code, 1332K rwdata, 4004K rodata, 1484K init, 1316K bss, 66768K reserved, 0K cma-reserved)
[    0.000000] SLUB: HWalign=64, Order=0-3, MinObjects=0, CPUs=2, Nodes=1
[    0.000000] Kernel/User page tables isolation: enabled
[    0.000000] Hierarchical RCU implementation.
[    0.000000] 	Build-time adjustment of leaf fanout to 64.
[    0.000000] 	RCU restricting CPUs from NR_CPUS=512 to nr_cpu_ids=2.
[    0.000000] RCU: Adjusting geometry for rcu_fanout_leaf=64, nr_cpu_ids=2
[    0.000000] NR_IRQS:33024 nr_irqs:440 16
[    0.000000] Console: colour VGA+ 80x25
[    0.000000] console [tty1] enabled
[    0.000000] console [ttyS0] enabled
[    0.000000] tsc: Detected 2496.002 MHz processor
[    0.261387] Calibrating delay loop (skipped) preset value.. 4992.00 BogoMIPS (lpj=9984008)
[    0.263831] pid_max: default: 32768 minimum: 301
[    0.265062] ACPI: Core revision 20150930
[    0.268072] ACPI: 2 ACPI AML tables successfully acquired and loaded
[    0.269963] Security Framework initialized
[    0.271559] Yama: becoming mindful.
[    0.273132] AppArmor: AppArmor initialized
[    0.278199] Dentry cache hash table entries: 262144 (order: 9, 2097152 bytes)
[    0.280791] Inode-cache hash table entries: 131072 (order: 8, 1048576 bytes)
[    0.286364] Mount-cache hash table entries: 4096 (order: 3, 32768 bytes)
[    0.287981] Mountpoint-cache hash table entries: 4096 (order: 3, 32768 bytes)
[    0.289834] Initializing cgroup subsys io
[    0.290908] Initializing cgroup subsys memory
[    0.292102] Initializing cgroup subsys devices
[    0.293313] Initializing cgroup subsys freezer
[    0.294500] Initializing cgroup subsys net_cls
[    0.295648] Initializing cgroup subsys perf_event
[    0.297244] Initializing cgroup subsys net_prio
[    0.298497] Initializing cgroup subsys hugetlb
[    0.299650] Initializing cgroup subsys pids
[    0.301985] mce: CPU supports 0 MCE banks
[    0.303375] Last level iTLB entries: 4KB 64, 2MB 8, 4MB 8
[    0.305126] Last level dTLB entries: 4KB 64, 2MB 0, 4MB 0, 1GB 4
[    0.306909] Spectre V2 : Mitigation: Full generic retpoline
[    0.308593] Spectre V2 : Spectre v2 / SpectreRSB mitigation: Filling RSB on context switch
[    0.311360] Speculative Store Bypass: Vulnerable
[    0.316888] Freeing SMP alternatives memory: 32K
[    0.329959] ftrace: allocating 32277 entries in 127 pages
[    0.414266] smpboot: APIC(0) Converting physical 0 to logical package 0
[    0.416714] smpboot: Max logical packages: 1
[    0.418813] x2apic enabled
[    0.420397] Switched APIC routing to physical x2apic.
[    0.423286] ..TIMER: vector=0x30 apic1=0 pin1=2 apic2=-1 pin2=-1
[    0.532570] smpboot: CPU0: Intel(R) Core(TM) i5-6300U CPU @ 2.40GHz (family: 0x6, model: 0x4e, stepping: 0x3)
[    0.536513] Performance Events: unsupported p6 CPU model 78 no PMU driver, software events only.
[    0.555385] KVM setup paravirtual spinlock
[    0.560963] x86: Booting SMP configuration:
[    0.562381] .... node  #0, CPUs:      #1
[    0.564217] kvm-clock: cpu 1, msr 0:7ffe3041, secondary cpu clock
[    0.566522] mce: CPU supports 0 MCE banks
[    0.570171] x86: Booted up 1 node, 2 CPUs
[    0.572038] smpboot: Total of 2 processors activated (9984.00 BogoMIPS)
[    0.574967] devtmpfs: initialized
[    0.578726] evm: security.selinux
[    0.580318] evm: security.SMACK64
[    0.581741] evm: security.SMACK64EXEC
[    0.583098] evm: security.SMACK64TRANSMUTE
[    0.584499] evm: security.SMACK64MMAP
[    0.585539] evm: security.ima
[    0.586645] evm: security.capability
[    0.587956] clocksource: jiffies: mask: 0xffffffff max_cycles: 0xffffffff, max_idle_ns: 7645041785100000 ns
[    0.591149] futex hash table entries: 512 (order: 3, 32768 bytes)
[    0.593616] pinctrl core: initialized pinctrl subsystem
[    0.595543] RTC time: 14:07:26, date: 03/25/19
[    0.597553] NET: Registered protocol family 16
[    0.608622] cpuidle: using governor ladder
[    0.621329] cpuidle: using governor menu
[    0.622783] PCCT header not found.
[    0.623960] ACPI: bus type PCI registered
[    0.625102] acpiphp: ACPI Hot Plug PCI Controller Driver version: 0.5
[    0.626791] PCI: Using configuration type 1 for base access
[    0.642113] ACPI: Added _OSI(Module Device)
[    0.643422] ACPI: Added _OSI(Processor Device)
[    0.644650] ACPI: Added _OSI(3.0 _SCP Extensions)
[    0.645834] ACPI: Added _OSI(Processor Aggregator Device)
[    0.648371] ACPI: Executed 1 blocks of module-level executable AML code
[    0.652748] ACPI: Interpreter enabled
[    0.653831] ACPI: (supports S0 S5)
[    0.654866] ACPI: Using IOAPIC for interrupt routing
[    0.656399] PCI: Using host bridge windows from ACPI; if necessary, use "pci=nocrs" and report a bug
[    0.663176] ACPI: PCI Root Bridge [PCI0] (domain 0000 [bus 00-ff])
[    0.665558] acpi PNP0A03:00: _OSC: OS supports [ASPM ClockPM Segments MSI]
[    0.668522] acpi PNP0A03:00: _OSC: not requesting OS control; OS requires [ExtendedConfig ASPM ClockPM MSI]
[    0.672359] acpi PNP0A03:00: fail to add MMCONFIG information, can't access extended PCI configuration space under this bridge.
[    0.676251] PCI host bridge to bus 0000:00
[    0.677912] pci_bus 0000:00: root bus resource [io  0x0000-0x0cf7 window]
[    0.680963] pci_bus 0000:00: root bus resource [io  0x0d00-0xffff window]
[    0.683166] pci_bus 0000:00: root bus resource [mem 0x000a0000-0x000bffff window]
[    0.685793] pci_bus 0000:00: root bus resource [mem 0x80000000-0xfdffffff window]
[    0.688388] pci_bus 0000:00: root bus resource [bus 00-ff]
[    0.692605] pci 0000:00:01.1: legacy IDE quirk: reg 0x10: [io  0x01f0-0x01f7]
[    0.694247] pci 0000:00:01.1: legacy IDE quirk: reg 0x14: [io  0x03f6]
[    0.695823] pci 0000:00:01.1: legacy IDE quirk: reg 0x18: [io  0x0170-0x0177]
[    0.698202] pci 0000:00:01.1: legacy IDE quirk: reg 0x1c: [io  0x0376]
[    0.742072] pci 0000:00:07.0: quirk: [io  0x4000-0x403f] claimed by PIIX4 ACPI
[    0.744663] pci 0000:00:07.0: quirk: [io  0x4100-0x410f] claimed by PIIX4 SMB
[    0.778393] ACPI: PCI Interrupt Link [LNKA] (IRQs 5 9 10 *11)
[    0.781227] ACPI: PCI Interrupt Link [LNKB] (IRQs 5 9 *10 11)
[    0.784127] ACPI: PCI Interrupt Link [LNKC] (IRQs 5 *9 10 11)
[    0.786773] ACPI: PCI Interrupt Link [LNKD] (IRQs 5 9 10 *11)
[    0.789556] ACPI: Enabled 2 GPEs in block 00 to 07
[    0.791948] vgaarb: setting as boot device: PCI:0000:00:02.0
[    0.793423] vgaarb: device added: PCI:0000:00:02.0,decodes=io+mem,owns=io+mem,locks=none
[    0.795619] vgaarb: loaded
[    0.796670] vgaarb: bridge control possible 0000:00:02.0
[    0.798777] SCSI subsystem initialized
[    0.800316] ACPI: bus type USB registered
[    0.801755] usbcore: registered new interface driver usbfs
[    0.803502] usbcore: registered new interface driver hub
[    0.805244] usbcore: registered new device driver usb
[    0.806909] PCI: Using ACPI for IRQ routing
[    0.808369] NetLabel: Initializing
[    0.809344] NetLabel:  domain hash size = 128
[    0.810781] NetLabel:  protocols = UNLABELED CIPSOv4
[    0.812403] NetLabel:  unlabeled traffic allowed by default
[    0.814652] amd_nb: Cannot enumerate AMD northbridges
[    0.816326] clocksource: Switched to clocksource kvm-clock
[    0.830966] AppArmor: AppArmor Filesystem Enabled
[    0.832507] pnp: PnP ACPI init
[    0.834374] pnp: PnP ACPI: found 3 devices
[    0.849561] clocksource: acpi_pm: mask: 0xffffff max_cycles: 0xffffff, max_idle_ns: 2085701024 ns
[    0.852948] NET: Registered protocol family 2
[    0.854907] TCP established hash table entries: 16384 (order: 5, 131072 bytes)
[    0.857686] TCP bind hash table entries: 16384 (order: 6, 262144 bytes)
[    0.859643] TCP: Hash tables configured (established 16384 bind 16384)
[    0.861637] UDP hash table entries: 1024 (order: 3, 32768 bytes)
[    0.863961] UDP-Lite hash table entries: 1024 (order: 3, 32768 bytes)
[    0.865551] NET: Registered protocol family 1
[    0.866699] pci 0000:00:00.0: Limiting direct PCI/PCI transfers
[    0.868445] pci 0000:00:01.0: Activating ISA DMA hang workarounds
[    0.870474] Unpacking initramfs...
[    1.192730] Freeing initrd memory: 14796K
[    1.194350] platform rtc_cmos: registered platform RTC device (no PNP device found)
[    1.197279] Scanning for low memory corruption every 60 seconds
[    1.199483] audit: initializing netlink subsys (disabled)
[    1.201297] audit: type=2000 audit(1553522851.462:1): initialized
[    1.203038] Initialise system trusted keyring
[    1.204549] HugeTLB registered 2 MB page size, pre-allocated 0 pages
[    1.208474] zbud: loaded
[    1.210066] VFS: Disk quotas dquot_6.6.0
[    1.211731] VFS: Dquot-cache hash table entries: 512 (order 0, 4096 bytes)
[    1.214275] squashfs: version 4.0 (2009/01/31) Phillip Lougher
[    1.216100] fuse init (API version 7.23)
[    1.217908] Key type big_key registered
[    1.219473] Allocating IMA MOK and blacklist keyrings.
[    1.222543] Key type asymmetric registered
[    1.224274] Asymmetric key parser 'x509' registered
[    1.226172] Block layer SCSI generic (bsg) driver version 0.4 loaded (major 249)
[    1.229173] io scheduler noop registered
[    1.230690] io scheduler deadline registered (default)
[    1.232129] io scheduler cfq registered
[    1.233396] pci_hotplug: PCI Hot Plug PCI Core version: 0.5
[    1.234761] pciehp: PCI Express Hot Plug Controller Driver version: 0.4
[    1.236826] ACPI: AC Adapter [AC] (on-line)
[    1.238415] input: Power Button as /devices/LNXSYSTM:00/LNXPWRBN:00/input/input0
[    1.240957] ACPI: Power Button [PWRF]
[    1.242520] input: Sleep Button as /devices/LNXSYSTM:00/LNXSLPBN:00/input/input1
[    1.245267] ACPI: Sleep Button [SLPF]
[    1.248276] ACPI: Battery Slot [BAT0] (battery present)
[    1.250084] GHES: HEST is not enabled!
[    1.251345] Serial: 8250/16550 driver, 32 ports, IRQ sharing enabled
 	
 !"#$%&'()*+,-./0123456789:;<=>?@ABCDEFGHIJKLMNOPQRSTUVWXYZ[\]^_`abcdefghijklmnopqrstuvwxyz{|}~ÄÅÇÉÑÖÜáàâäãåçéèêëíìîïñóòôöõúùûü†°¢£§•¶ß®©™´¨≠ÆØ∞±≤≥¥µ∂∑∏π∫ªºΩæø¿¡¬√ƒ≈∆«»… ÀÃÕŒœ–—“”‘’÷◊ÿŸ⁄€‹›ﬁﬂ‡·‚„‰ÂÊÁËÈÍÎÏÌÓÔÒÚÛÙıˆ˜¯˘˙˚¸˝˛ˇ[    1.275537] 00:02: ttyS0 at I/O 0x3f8 (irq = 4, base_baud = 115200) is a 16550A
[    1.282785] Linux agpgart interface v0.103
[    1.290726] loop: module loaded
[    1.292650] scsi host0: ata_piix
[    1.293943] scsi host1: ata_piix
[    1.294919] ata1: PATA max UDMA/33 cmd 0x1f0 ctl 0x3f6 bmdma 0xd000 irq 14
[    1.297060] ata2: PATA max UDMA/33 cmd 0x170 ctl 0x376 bmdma 0xd008 irq 15
[    1.299001] libphy: Fixed MDIO Bus: probed
[    1.300366] tun: Universal TUN/TAP device driver, 1.6
[    1.302300] tun: (C) 1999-2004 Max Krasnyansky <maxk@qualcomm.com>
[    1.304761] PPP generic driver version 2.4.2
[    1.306392] ehci_hcd: USB 2.0 'Enhanced' Host Controller (EHCI) Driver
[    1.308278] ehci-pci: EHCI PCI platform driver
[    1.309799] ehci-platform: EHCI generic platform driver
[    1.311459] ohci_hcd: USB 1.1 'Open' Host Controller (OHCI) Driver
[    1.313355] ohci-pci: OHCI PCI platform driver
[    1.315126] ohci-platform: OHCI generic platform driver
[    1.316618] uhci_hcd: USB Universal Host Controller Interface driver
[    1.318601] i8042: PNP: PS/2 Controller [PNP0303:PS2K,PNP0f03:PS2M] at 0x60,0x64 irq 1,12
[    1.321873] serio: i8042 KBD port at 0x60,0x64 irq 1
[    1.323408] serio: i8042 AUX port at 0x60,0x64 irq 12
[    1.325346] mousedev: PS/2 mouse device common for all mice
[    1.327250] input: AT Translated Set 2 keyboard as /devices/platform/i8042/serio0/input/input2
[    1.333222] rtc_cmos rtc_cmos: rtc core: registered rtc_cmos as rtc0
[    1.335606] rtc_cmos rtc_cmos: alarms up to one day, 114 bytes nvram
[    1.337767] i2c /dev entries driver
[    1.339495] device-mapper: uevent: version 1.0.3
[    1.341653] device-mapper: ioctl: 4.34.0-ioctl (2015-10-28) initialised: dm-devel@redhat.com
[    1.344953] ledtrig-cpu: registered to indicate activity on CPUs
[    1.348583] NET: Registered protocol family 10
[    1.350442] NET: Registered protocol family 17
[    1.351904] Key type dns_resolver registered
[    1.354005] registered taskstats version 1
[    1.355447] Loading compiled-in X.509 certificates
[    1.358077] Loaded X.509 cert 'Build time autogenerated kernel key: bff73e56bc0efa7435b2a24f5427674623f1be80'
[    1.361202] zswap: loaded using pool lzo/zbud
[    1.365634] Key type trusted registered
[    1.371486] Key type encrypted registered
[    1.373142] AppArmor: AppArmor sha1 policy hashing enabled
[    1.375201] ima: No TPM chip found, activating TPM-bypass!
[    1.377274] ima: Allocated hash algorithm: sha1
[    1.379036] evm: HMAC attrs: 0x1
[    1.381101]   Magic number: 11:409:132
[    1.382474] rtc_cmos rtc_cmos: setting system clock to 2019-03-25 14:07:27 UTC (1553522847)
[    1.385862] BIOS EDD facility v0.16 2004-Jun-25, 0 devices found
[    1.387905] EDD information not available.
[    1.458838] Freeing unused kernel memory: 1484K
[    1.460767] Write protecting the kernel read-only data: 14336k
[    1.463172] Freeing unused kernel memory: 1624K
[    1.465492] Freeing unused kernel memory: 92K
Loading, please wait...
starting version 229
[    1.485192] random: systemd-udevd: uninitialized urandom read (16 bytes read, 3 bits of entropy available)
[    1.486194] random: udevadm: uninitialized urandom read (16 bytes read, 3 bits of entropy available)
[    1.486218] random: udevadm: uninitialized urandom read (16 bytes read, 3 bits of entropy available)
[    1.496859] random: systemd-udevd: uninitialized urandom read (16 bytes read, 3 bits of entropy available)
[    1.498766] random: udevadm: uninitialized urandom read (16 bytes read, 3 bits of entropy available)
[    1.498825] random: udevadm: uninitialized urandom read (16 bytes read, 3 bits of entropy available)
[    1.499034] random: udevadm: uninitialized urandom read (16 bytes read, 3 bits of entropy available)
[    1.499105] random: udevadm: uninitialized urandom read (16 bytes read, 3 bits of entropy available)
[    1.499178] random: udevadm: uninitialized urandom read (16 bytes read, 3 bits of entropy available)
[    1.499250] random: udevadm: uninitialized urandom read (16 bytes read, 3 bits of entropy available)
[    1.557851] e1000: Intel(R) PRO/1000 Network Driver - version 7.3.21-k8-NAPI
[    1.560975] e1000: Copyright (c) 1999-2006 Intel Corporation.
[    1.562921] Fusion MPT base driver 3.04.20
[    1.564923] Copyright (c) 1999-2008 LSI Corporation
[    1.575946] Fusion MPT SPI Host driver 3.04.20
[    1.586229] AVX2 version of gcm_enc/dec engaged.
[    1.588996] AES CTR mode by8 optimization enabled
[    1.774405] input: ImExPS/2 Generic Explorer Mouse as /devices/platform/i8042/serio1/input/input4
[    1.981443] e1000 0000:00:03.0 eth0: (PCI:33MHz:32-bit) 02:a9:46:80:4d:77
[    1.984047] e1000 0000:00:03.0 eth0: Intel(R) PRO/1000 Network Connection
[    1.987655] e1000 0000:00:03.0 enp0s3: renamed from eth0
[    1.990048] mptbase: ioc0: Initiating bringup
[    2.053553] ioc0: LSI53C1030 A0: Capabilities={Initiator}
[    2.192636] tsc: Refined TSC clocksource calibration: 2495.390 MHz
[    2.194141] clocksource: tsc: mask: 0xffffffffffffffff max_cycles: 0x23f836e268c, max_idle_ns: 440795233981 ns
[    2.222823] scsi host2: ioc0: LSI53C1030 A0, FwRev=00000000h, Ports=1, MaxQ=256, IRQ=20
[    2.337791] scsi 2:0:0:0: Direct-Access     VBOX     HARDDISK         1.0  PQ: 0 ANSI: 5
[    2.340282] scsi target2:0:0: Beginning Domain Validation
[    2.343533] scsi target2:0:0: Domain Validation skipping write tests
[    2.345504] scsi target2:0:0: Ending Domain Validation
[    2.347575] scsi target2:0:0: asynchronous
[    2.350410] scsi 2:0:1:0: Direct-Access     VBOX     HARDDISK         1.0  PQ: 0 ANSI: 5
[    2.353984] scsi target2:0:1: Beginning Domain Validation
[    2.357482] scsi target2:0:1: Domain Validation skipping write tests
[    2.359387] scsi target2:0:1: Ending Domain Validation
[    2.361186] scsi target2:0:1: asynchronous
[    2.372292] sd 2:0:0:0: [sda] 62914560 512-byte logical blocks: (32.2 GB/30.0 GiB)
[    2.372686] sd 2:0:0:0: Attached scsi generic sg0 type 0
[    2.373217] sd 2:0:1:0: [sdb] 20480 512-byte logical blocks: (10.5 MB/10.0 MiB)
[    2.374092] sd 2:0:1:0: [sdb] Write Protect is off
[    2.374381] sd 2:0:1:0: Attached scsi generic sg1 type 0
[    2.374452] sd 2:0:1:0: [sdb] Incomplete mode parameter data
[    2.374454] sd 2:0:1:0: [sdb] Assuming drive cache: write through
[    2.379091] sd 2:0:1:0: [sdb] Attached SCSI disk
[    2.406840] sd 2:0:0:0: [sda] Write Protect is off
[    2.408944] sd 2:0:0:0: [sda] Incomplete mode parameter data
[    2.411038] sd 2:0:0:0: [sda] Assuming drive cache: write through
[    2.415484]  sda: sda1
[    2.417851] sd 2:0:0:0: [sda] Attached SCSI disk
Begin: Loading essential drivers ... [    3.999884] md: linear personality registered for level -1
[    4.005374] md: multipath personality registered for level -4
[    4.010986] md: raid0 personality registered for level 0
[    4.018432] md: raid1 personality registered for level 1
[    4.092895] raid6: sse2x1   gen()  8375 MB/s
[    4.160346] raid6: sse2x1   xor()  6145 MB/s
[    4.228620] raid6: sse2x2   gen()  9093 MB/s
[    4.296904] raid6: sse2x2   xor()  6717 MB/s
[    4.364357] raid6: sse2x4   gen()  8344 MB/s
[    4.433531] raid6: sse2x4   xor()  5397 MB/s
[    4.500847] raid6: avx2x1   gen() 14419 MB/s
[    4.569174] raid6: avx2x2   gen() 17838 MB/s
[    4.636591] raid6: avx2x4   gen() 18224 MB/s
[    4.638237] raid6: using algorithm avx2x4 gen() 18224 MB/s
[    4.640129] raid6: using avx2x2 recovery algorithm
[    4.643299] xor: automatically using best checksumming function:
[    4.684349]    avx       : 22346.000 MB/sec
[    4.687908] async_tx: api initialized (async)
[    4.701696] md: raid6 personality registered for level 6
[    4.703576] md: raid5 personality registered for level 5
[    4.705403] md: raid4 personality registered for level 4
[    4.715100] md: raid10 personality registered for level 10
done.
Begin: Running /scripts/init-premount ... done.
Begin: Mounting root file system ... Begin: Running /scripts/local-top ... done.
Begin: Running /scripts/local-premount ... [    4.755152] Btrfs loaded
Scanning for Btrfs filesystems
done.
Warning: fsck not present, so skipping root file system
[    4.793920] EXT4-fs (sda1): mounted filesystem with ordered data mode. Opts: (null)
done.
Begin: Running /scripts/local-bottom ... done.
Begin: Running /scripts/init-bottom ... done.
[    4.914929] systemd[1]: systemd 229 running in system mode. (+PAM +AUDIT +SELINUX +IMA +APPARMOR +SMACK +SYSVINIT +UTMP +LIBCRYPTSETUP +GCRYPT +GNUTLS +ACL +XZ -LZ4 +SECCOMP +BLKID +ELFUTILS +KMOD -IDN)
[    4.920451] systemd[1]: Detected virtualization oracle.
[    4.922114] systemd[1]: Detected architecture x86-64.

Welcome to [1mUbuntu 16.04.5 LTS[0m!

[    4.927469] systemd[1]: Set hostname to <ubuntu>.
[    4.932197] systemd[1]: Initializing machine ID from random generator.
[    4.934716] systemd[1]: Installed transient /etc/machine-id file.
[    5.100136] systemd[1]: Reached target Swap.
[[0;32m  OK  [0m] Reached target Swap.
[    5.103434] systemd[1]: Started Forward Password Requests to Wall Directory Watch.
[[0;32m  OK  [0m] Started Forward Password Requests to Wall Directory Watch.
[    5.109040] systemd[1]: Created slice User and Session Slice.
[[0;32m  OK  [0m] Created slice User and Session Slice.
[    5.112753] systemd[1]: Reached target User and Group Name Lookups.
[[0;32m  OK  [0m] Reached target User and Group Name Lookups.
[    5.115725] systemd[1]: Set up automount Arbitrary Executable File Formats File System Automount Point.
[[0;32m  OK  [0m] Set up automount Arbitrary Executab...ats File System Automount Point.
[    5.119563] systemd[1]: Reached target Encrypted Volumes.
[[0;32m  OK  [0m] Reached target Encrypted Volumes.
[    5.122023] systemd[1]: Listening on Syslog Socket.
[[0;32m  OK  [0m] Listening on Syslog Socket.
[    5.124871] systemd[1]: Listening on Device-mapper event daemon FIFOs.
[[0;32m  OK  [0m] Listening on Device-mapper event daemon FIFOs.
[    5.128659] systemd[1]: Listening on /dev/initctl Compatibility Named Pipe.
[[0;32m  OK  [0m] Listening on /dev/initctl Compatibility Named Pipe.
[    5.131505] systemd[1]: Reached target System Time Synchronized.
[[0;32m  OK  [0m] Reached target System Time Synchronized.
[    5.134413] systemd[1]: Created slice System Slice.
[[0;32m  OK  [0m] Created slice System Slice.
[    5.136713] systemd[1]: Reached target Slices.
[[0;32m  OK  [0m] Reached target Slices.
[    5.139428] systemd[1]: Started Trigger resolvconf update for networkd DNS.
[[0;32m  OK  [0m] Started Trigger resolvconf update for networkd DNS.
[    5.143500] systemd[1]: Listening on Journal Socket (/dev/log).
[[0;32m  OK  [0m] Listening on Journal Socket (/dev/log).
[    5.147725] systemd[1]: Listening on udev Kernel Socket.
[[0;32m  OK  [0m] Listening on udev Kernel Socket.
[    5.151322] systemd[1]: Listening on LVM2 metadata daemon socket.
[[0;32m  OK  [0m] Listening on LVM2 metadata daemon socket.
[    5.155368] systemd[1]: Created slice system-serial\x2dgetty.slice.
[[0;32m  OK  [0m] Created slice system-serial\x2dgetty.slice.
[    5.159660] systemd[1]: Listening on Journal Socket.
[[0;32m  OK  [0m] Listening on Journal Socket.
[    5.177493] systemd[1]: Starting Load Kernel Modules...
         Starting Load Kernel Modules...
[    5.181660] systemd[1]: Starting Uncomplicated firewall...
         Starting Uncomplicated firewall...
[    5.187420] systemd[1]: Starting Nameserver information manager...
         Starting Nameserver information manager...
[    5.193689] systemd[1]: Starting Set console keymap...
[    5.196943] Loading iSCSI transport class v2.0-870.
         Starting Set console keymap...
[    5.200197] systemd[1]: Mounting Huge Pages File System...
         Mounting Huge Pages File System...
[    5.204921] systemd[1]: Starting Create list of required static device nodes for the current kernel...
         Starting Create list of required st... nodes for the current kernel...
[    5.212892] systemd[1]: Starting Monitoring of LVM2 mirrors, snapshots etc. using dmeventd or progress polling...
         Starting Monitoring of LVM2 mirrors... dmeventd or progress polling...
[    5.222428] systemd[1]: Starting Remount Root and Kernel File Systems...
[    5.225220] iscsi: registered transport (tcp)
         Starting Remount Root and Kernel File Systems...
[    5.229114] systemd[1]: Mounting POSIX Message Queue File System...
         Mounting POSIX Message Queue File System...
[    5.234097] systemd[1]: Listening on LVM2 poll daemon socket.
[    5.236128] EXT4-fs (sda1): re-mounted. Opts: (null)
[[0;32m  OK  [0m] Listening on LVM2 poll daemon socket.
[    5.240155] systemd[1]: Listening on Journal Audit Socket.
[[0;32m  OK  [0m] Listening on Journal Audit Socket.
[    5.248651] systemd[1]: Starting Journal Service...
         Starting Journal Service...
[    5.255560] systemd[1]: Listening on udev Control Socket.
[[0;32m  OK  [0m] Listening on udev Control Socket.
[    5.265613] systemd[1]: Mounting Debug File System...
         Mounting Debug File System...
[    5.272880] systemd[1]: Mounted Huge Pages File System.
[[0;32m  OK  [0m] Mounted Huge Pages File System.
[    5.276036] systemd[1]: Mounted Debug File System.
[[0;32m  OK  [0m] Mounted Debug File System.
[    5.279137] systemd[1]: Mounted POSIX Message Queue File System.
[[0;32m  OK  [0m] Mounted POSIX Message Queue File System.
[    5.289247] systemd[1]: Started Uncomplicated firewall.
[[0;32m  OK  [0m] Started Uncomplicated firewall.
[    5.297800] systemd[1]: Started Create list of required static device nodes for the current kernel.
[[0;32m  OK  [0m] Started Create list of required sta...ce nodes for the current kernel.
[    5.304978] systemd[1]: Started Remount Root and Kernel File Systems.
[[0;32m  OK  [0m] Started Remount Root and Kernel File Systems.
[    5.332685] systemd[1]: Started Nameserver information manager.
[[0;32m  OK  [0m] Started Nameserver information manager.
[    5.337704] systemd[1]: Started Journal Service.
[[0;32m  OK  [0m] Started Journal Service.
[    5.348810] iscsi: registered transport (iser)
[[0;32m  OK  [0m] Started Load Kernel Modules.
[[0;32m  OK  [0m] Started Set console keymap.
         Mounting FUSE Control File System...
         Starting Apply Kernel Variables...
[[0;32m  OK  [0m] Started LVM2 metadata daemon.
         Starting udev Coldplug all Devices...
         Starting Flush Journal to Persistent Storage...
         Starting Load/Save Random Seed...
         Starting Create Static Device Nodes in /dev...
[[0;32m  OK  [0m] Mounted FUSE Control File System.
[[0;32m  OK  [0m] Started Apply Kernel Variables.
[[0;32m  OK  [0m] Started Load/Save Random Seed.
[[0;32m  OK  [0m] Started Create Static Device Nodes in /dev.
[[0;32m  OK  [0m] Started Flush Journal to Persistent Storage.
[[0;32m  OK  [0m] Started udev Coldplug all Devices.
         Starting udev Kernel Device Manager...
[[0;32m  OK  [0m] Started udev Kernel Device Manager.
[[0;32m  OK  [0m] Started Dispatch Password Requests to Console Directory Watch.
[[0;32m  OK  [0m] Found device /dev/ttyS0.
[[0;32m  OK  [0m] Listening on Load/Save RF Kill Switch Status /dev/rfkill Watch.
[[0;32m  OK  [0m] Started Monitoring of LVM2 mirrors,...ng dmeventd or progress polling.
[[0;32m  OK  [0m] Reached target Local File Systems (Pre).
[[0;32m  OK  [0m] Reached target Local File Systems.
         Starting Tell Plymouth To Write Out Runtime Data...
         Starting Set console font and keymap...
         Starting Commit a transient machine-id on disk...
         Starting Create Volatile Files and Directories...
         Starting Initial cloud-init job (pre-networking)...
         Starting LSB: AppArmor initialization...
[[0;32m  OK  [0m] Started Tell Plymouth To Write Out Runtime Data.
[[0;32m  OK  [0m] Started Commit a transient machine-id on disk.
[[0;1;31mFAILED[0m] Failed to start Set console font and keymap.
See 'systemctl status console-setup.service' for details.
[[0;32m  OK  [0m] Started Create Volatile Files and Directories.
         Starting Update UTMP about System Boot/Shutdown...
[[0;32m  OK  [0m] Created slice system-getty.slice.
[[0;32m  OK  [0m] Started Update UTMP about System Boot/Shutdown.
[    7.792744] cloud-init[565]: Cloud-init v. 18.4-0ubuntu1~16.04.2 running 'init-local' at Mon, 25 Mar 2019 14:07:33 +0000. Up 7.07 seconds.
[[0;32m  OK  [0m] Started Initial cloud-init job (pre-networking).
[[0;32m  OK  [0m] Reached target Network (Pre).
[[0;32m  OK  [0m] Started LSB: AppArmor initialization.
         Starting Raise network interfaces...
[[0;32m  OK  [0m] Started Raise network interfaces.
[[0;32m  OK  [0m] Reached target Network.
         Starting Initial cloud-init job (metadata service crawler)...
[   10.109561] cloud-init[898]: Cloud-init v. 18.4-0ubuntu1~16.04.2 running 'init' at Mon, 25 Mar 2019 14:07:35 +0000. Up 9.33 seconds.
[   10.113252] cloud-init[898]: ci-info: ++++++++++++++++++++++++++++++++++++++Net device info++++++++++++++++++++++++++++++++++++++
[   10.116558] cloud-init[898]: ci-info: +--------+------+----------------------------+---------------+--------+-------------------+
[   10.119033] cloud-init[898]: ci-info: | Device |  Up  |          Address           |      Mask     | Scope  |     Hw-Address    |
[   10.122622] cloud-init[898]: ci-info: +--------+------+----------------------------+---------------+--------+-------------------+
[   10.125582] cloud-init[898]: ci-info: | enp0s3 | True |         10.0.2.15          | 255.255.255.0 | global | 02:a9:46:80:4d:77 |
[   10.128455] cloud-init[898]: ci-info: | enp0s3 | True | fe80::a9:46ff:fe80:4d77/64 |       .       |  link  | 02:a9:46:80:4d:77 |
[   10.132140] cloud-init[898]: ci-info: |   lo   | True |         127.0.0.1          |   255.0.0.0   |  host  |         .         |
[   10.134632] cloud-init[898]: ci-info: |   lo   | True |          ::1/128           |       .       |  host  |         .         |
[   10.137220] cloud-init[898]: ci-info: +--------+------+----------------------------+---------------+--------+-------------------+
[   10.144501] cloud-init[898]: ci-info: +++++++++++++++++++++++++++Route IPv4 info++++++++++++++++++++++++++++
[   10.147044] cloud-init[898]: ci-info: +-------+-------------+----------+---------------+-----------+-------+
[   10.154427] cloud-init[898]: ci-info: | Route | Destination | Gateway  |    Genmask    | Interface | Flags |
[   10.157408] cloud-init[898]: ci-info: +-------+-------------+----------+---------------+-----------+-------+
[   10.160245] cloud-init[898]: ci-info: |   0   |   0.0.0.0   | 10.0.2.2 |    0.0.0.0    |   enp0s3  |   UG  |
[   10.162926] cloud-init[898]: ci-info: |   1   |   10.0.2.0  | 0.0.0.0  | 255.255.255.0 |   enp0s3  |   U   |
[   10.165436] cloud-init[898]: ci-info: +-------+-------------+----------+---------------+-----------+-------+
[   10.168548] cloud-init[898]: ci-info: +++++++++++++++++++Route IPv6 info+++++++++++++++++++
[   10.171398] cloud-init[898]: ci-info: +-------+-------------+---------+-----------+-------+
[   10.174142] cloud-init[898]: ci-info: | Route | Destination | Gateway | Interface | Flags |
[   10.176505] cloud-init[898]: ci-info: +-------+-------------+---------+-----------+-------+
[   10.179341] [[0;32m  OK  [0m] Started Initial cloud-init job (metadata service crawler).
cloud-init[[0;32m  OK  [0m] Reached target Network is Online.
[898]: ci-info: |   0   |  fe80::/64  |    ::   |   enp0s3  |   U   |
[   10.183280] cloud-init[898]: ci-info: |   3   |   ff00::/8  |    ::   |   enp0s3  |   U   |
[   10.185240] cloud-init[898]: ci-info: +-------+-------------+---------+-----------+-------+
[   10.186804] cloud-init[898]: Generating public/private rsa key pair.
[   10.188217] cloud-init[898]: Your identification has been saved in /etc/ssh/ssh_host_rsa_key.
[   10.190657] cloud-init[898]: Your public key has been saved in /etc/ssh/ssh_host_rsa_key.pub.
[   10.192883] cloud-init[898]: The key fingerprint is:
[   10.194645] cloud-init[898]: SHA256:MHQzq0ZenWRQBhi/vYNP1yt6aqSB/wjKm8J/I0jVdv0 root@ubuntu-xenial         Starting iSCSI initiator daemon (iscsid)...

[[0;32m  OK  [0m] Reached target Cloud-config availability.
[[0;32m  OK  [0m] Reached target System Initialization.
         Starting Socket activation for snappy daemon.
[[0;32m  OK  [0m] Started Daily apt download activities.
[[0;32m  OK  [0m] Started Daily apt upgrade and clean activities.
[   10.202802] cloud-init[898]: The key's randomart image is:
[   10.204404] [[0;32m  OK  [0m] Started ACPI Events Check.
cloud-init[[0;32m  OK  [0m] Reached target Paths.
[898]: [[0;32m  OK  [0m] Listening on UUID daemon activation socket.
+---[RSA 2048]----+[[0;32m  OK  [0m] Started Daily Cleanup of Temporary Directories.

[[0;32m  OK  [0m] Reached target Timers.
[[0;32m  OK  [0m] Listening on D-Bus System Message Bus Socket.
[   10.211892]          Starting LXD - unix socket.
cloud-init[[0;32m  OK  [0m] Listening on ACPID Listen Socket.
[898]: [[0;32m  OK  [0m] Listening on Socket activation for snappy daemon.
|      oo*+=      |
[   10.216698] cloud-init[898]: |     ..o O .     |
[   10.218310] cloud-init[898]: |     .+ +.o      |
[   10.219673] cloud-init[898]: |    .oo=.o.      |
[   10.221077] cloud-init[898]: |   . .+oS ..     |
[   10.222736] cloud-init[898]: |  .  .. ....E.   |
[   10.223862] cloud-init[898]: | o .  ...++ . .  |
[   10.224984] cloud-init[898]: |  +..oo.o+.oo  . |
[   10.226140] cloud-init[898]: |   o*+ ..o=+ ..  |
[   10.227246] cloud-init[898]: +----[SHA256]-----+
[   10.228540] cloud-init[898]: Generating public/private dsa key pair.
[   10.230154] cloud-init[898]: Your identification has been saved in /etc/ssh/ssh_host_dsa_key.
[   10.231970] [[0;32m  OK  [0m] Listening on LXD - unix socket.
cloud-init[898]: Your public key has been saved in /etc/ssh/ssh_host_dsa_key.pub.
[   10.236038] cloud-init[898]: The key fingerprint is:
[[0;32m  OK  [0m] Reached target Sockets.
[   10.238205] cloud-init[898]: SHA256:PwLDjjuyxalMfgrLq4zqDEcHDFqM5A3b4nDNRKGefEE root@ubuntu-xenial
[[0;32m  OK  [0m] Reached target Basic System.
         Starting Login Service...
[   10.239593] cloud-init[898]: The key's randomart image is:
[   10.247185] cloud-init[898]: +---[DSA 1024]----+
[   10.247478] cloud-init[898]: |o=..E.           |
[   10.248729] cloud-init[898]: |++**             |
[   10.248916] cloud-init[898]: |o+=o+            |
[   10.249131] cloud-init[898]: |o+.o o           |
[   10.250080] cloud-init[898]: | .= o + S        |
[   10.251110] cloud-init[898]: | . + + o .       |
[   10.251875] cloud-init[898]: |o o = . . o      |
[   10.252644] cloud-init[898]: |*B.oo.   . .     |
[   10.253209] cloud-init[898]: |O*B=..           |
[   10.253793] cloud-init[898]: +----[SHA256]-----+
[   10.254377] cloud-init[898]: Generating public/private ecdsa key pair.
[   10.254936] cloud-init[898]: Your identification has been saved in /etc/ssh/ssh_host_ecdsa_key.
[   10.257638] cloud-init[898]: Your public key has been saved in /etc/ssh/ssh_host_ecdsa_key.pub.
[   10.258140] cloud-init[898]: The key fingerprint is:
[   10.258791] cloud-init[898]: SHA256:LMp3DSPmbq/+HhiOd/nyfa6p5WsVEnCUqb+Bominpbk root@ubuntu-xenial
[   10.259413] cloud-init[898]: The key's randomart image is:
[   10.260049] cloud-init[898]: +---[ECDSA 256]---+
[   10.260417] cloud-init[898]: |          .ooo   |
[   10.261013] cloud-init[898]: |           .+    |
[   10.261880] cloud-init[898]: |           . .   |
[   10.262902] cloud-init[898]: |       .  . . .  |
[   10.263724] cloud-init[898]: |      = S  o . . |
[   10.264468] cloud-init[898]: |   . * =.=. o .  |
[   10.264828] cloud-init[898]: |    +.B.=.. .+   |
[   10.265380] cloud-init[898]: |    oB+o.o +o..  |
[   10.265734] cloud-init[898]: |   .E*+=+o+o*=.  |
[   10.266271] cloud-init[898]: +----[SHA256]-----+
[   10.266626] cloud-init[898]: Generating public/private ed25519 key pair.
[   10.267029] cloud-init[898]: Your identification has been saved in /etc/ssh/ssh_host_ed25519_key.
[   10.267538] cloud-init[898]: Your public key has been saved in /etc/ssh/ssh_host_ed25519_key.pub.
[   10.267900] cloud-init[898]: The key fingerprint is:
[   10.268466] cloud-init[898]: SHA256:ikQB6VG55lw9zyPSNea9uYqj/PLNEsmTc8SjkaJGzVc root@ubuntu-xenial
[   10.268826] cloud-init[898]: The key's randomart image is:
[   10.269372] cloud-init[898]: +--[ED25519 256]--+
[   10.269733] cloud-init[898]: |  .+o.           |
[   10.270102] cloud-init[898]: |  o ..    E      |
[   10.270464] cloud-init[898]: | . ..+ . +       |
[   10.270826] cloud-init[898]: |  ..+ = * B      |
[   10.271498] cloud-init[898]: |   =.o =S& +     |
[   10.271992] cloud-init[898]: |   .=...@ * .    |
[   10.273668] cloud-init[898]: |   .. .. * . o   |
[   10.274306] cloud-init[898]: |     .. o+  o    |
[   10.275397] cloud-init[898]: |      o=+o+...   |
[   10.276792] cloud-init[898]: +----[SHA256]-----+
         Starting LSB: Record successful boot for GRUB...
         Starting Accounts Service...
[[0;32m  OK  [0m] Started ACPI event daemon.
         Starting Virtualbox guest utils...
[[0;32m  OK  [0m] Started D-Bus System Message Bus.
[[0;32m  OK  [0m] Started Deferred execution scheduler.
[[0;32m  OK  [0m] Started Unattended Upgrades Shutdown.
         Starting /etc/rc.local Compatibility...
         Starting Pollinate to seed the pseudo random number generator...
         Starting System Logging Service...
[[0;32m  OK  [0m] Started FUSE filesystem for LXC.
[[0;32m  OK  [0m] Started Regular background program processing daemon.
         Starting LSB: MD monitoring daemon...
         Starting LXD - container startup/shutdown...
         Starting Snappy daemon...
[[0;32m  OK  [0m] Started iSCSI initiator daemon (iscsid).
[[0;32m  OK  [0m] Started /etc/rc.local Compatibility.
[[0;32m  OK  [0m] Started System Logging Service.
[[0;32m  OK  [0m] Started LSB: Record successful boot for GRUB.
[[0;32m  OK  [0m] Started Login Service.
         Starting Authenticate and Authorize Users to Run Privileged Tasks...
         Starting Login to default iSCSI targets...
[[0;32m  OK  [0m] Started LSB: MD monitoring daemon.
[[0;32m  OK  [0m] Started Authenticate and Authorize Users to Run Privileged Tasks.
[[0;32m  OK  [0m] Started Accounts Service.
[[0;32m  OK  [0m] Started Login to default iSCSI targets.
[[0;32m  OK  [0m] Reached target Remote File Systems (Pre).
[[0;32m  OK  [0m] Reached target Remote File Systems.
         Starting LSB: daemon to balance interrupts for SMP systems...
         Starting LSB: automatic crash report generation...
         Starting Permit User Sessions...
         Starting LSB: Set the CPU Frequency Scaling governor to "ondemand"...
[[0;32m  OK  [0m] Started Virtualbox guest utils.
[[0;32m  OK  [0m] Started Permit User Sessions.
         Starting Hold until boot process finishes up...
         Starting Terminate Plymouth Boot Screen...
[[0;32m  OK  [0m] Started LXD - container startup/shutdown.
[[0;32m  OK  [0m] Started LSB: automatic crash report generation.
[[0;32m  OK  [0m] Started LSB: Set the CPU Frequency Scaling governor to "ondemand".
[[0;32m  OK  [0m] Started LSB: daemon to balance interrupts for SMP systems.
[[0;32m  OK  [0m] Started Hold until boot process finishes up.
[[0;32m  OK  [0m] Started Terminate Plymouth Boot Screen.
[[0;32m  OK  [0m] Started Getty on tty1.
[[0;32m  OK  [0m] Started Serial Getty on ttyS0.
[[0;32m  OK  [0m] Reached target Login Prompts.
         Starting Set console scheme...
[[0;32m  OK  [0m] Started Snappy daemon.
         Starting Wait until snapd is fully seeded...
[[0;32m  OK  [0m] Started Set console scheme.
[[0;32m  OK  [0m] Started Pollinate to seed the pseudo random number generator.
         Starting OpenBSD Secure Shell server...
[[0;32m  OK  [0m] Started OpenBSD Secure Shell server.
[[0;32m  OK  [0m] Started Wait until snapd is fully seeded.
         Starting Apply the settings specified in cloud-config...
[[0;32m  OK  [0m] Reached target Multi-User System.
[[0;32m  OK  [0m] Reached target Graphical Interface.
         Starting Update UTMP about System Runlevel Changes...
[[0;32m  OK  [0m] Started Update UTMP about System Runlevel Changes.
[   12.770071] cloud-init[1219]: Generating locales (this might take a while)...
[[0;32m  OK  [0m] Created slice User Slice of vagrant.
         Starting User Manager for UID 1000...
[[0;32m  OK  [0m] Started Session 1 of user vagrant.
[[0;32m  OK  [0m] Started User Manager for UID 1000.
[   14.461898] cloud-init[1219]:   en_US.UTF-8... done
[   14.463495] cloud-init[1219]: Generation complete.
[   15.057077] cloud-init[1219]: Cloud-init v. 18.4-0ubuntu1~16.04.2 running 'modules:config' at Mon, 25 Mar 2019 14:07:39 +0000. Up 12.58 seconds.
[[0;32m  OK  [0m] Started Apply the settings specified in cloud-config.
         Starting Execute cloud user/final scripts...
ci-info: no authorized ssh keys fingerprints found for user ubuntu.
<14>Mar 25 14:07:42 ec2: 
<14>Mar 25 14:07:42 ec2: #############################################################
<14>Mar 25 14:07:42 ec2: -----BEGIN SSH HOST KEY FINGERPRINTS-----
<14>Mar 25 14:07:42 ec2: 1024 SHA256:PwLDjjuyxalMfgrLq4zqDEcHDFqM5A3b4nDNRKGefEE root@ubuntu-xenial (DSA)
<14>Mar 25 14:07:42 ec2: 256 SHA256:LMp3DSPmbq/+HhiOd/nyfa6p5WsVEnCUqb+Bominpbk root@ubuntu-xenial (ECDSA)
<14>Mar 25 14:07:42 ec2: 256 SHA256:ikQB6VG55lw9zyPSNea9uYqj/PLNEsmTc8SjkaJGzVc root@ubuntu-xenial (ED25519)
<14>Mar 25 14:07:42 ec2: 2048 SHA256:MHQzq0ZenWRQBhi/vYNP1yt6aqSB/wjKm8J/I0jVdv0 root@ubuntu-xenial (RSA)
<14>Mar 25 14:07:42 ec2: -----END SSH HOST KEY FINGERPRINTS-----
<14>Mar 25 14:07:42 ec2: #############################################################
-----BEGIN SSH HOST KEY KEYS-----
ecdsa-sha2-nistp256 AAAAE2VjZHNhLXNoYTItbmlzdHAyNTYAAAAIbmlzdHAyNTYAAABBBOkBWFh3c2CqZ5JroVySNj8oBaZHbHnjv6a19im729VjFv2ZqQ9gx4DQHWypfNRoHDKuSCJUS+vZZA6bF3chKK8= root@ubuntu-xenial
ssh-ed25519 AAAAC3NzaC1lZDI1NTE5AAAAIOlrsyLiDx5GM69fzoMt3GSYWOouQnnHgSEDj8/2T9Ud root@ubuntu-xenial
ssh-rsa AAAAB3NzaC1yc2EAAAADAQABAAABAQD5sghepqLyVwIOEAnOI6HKcDKM84s3BLCgaRS79pbRd2vHAiniNlUwAGRncqmo0GT001+0ncnh7XOBdEeUDU1i/latYBk09xDewTHnfd3DHwa4Dt+4nMf7M2Qh9N0gA/WwAavKMcQJegcwtDMZJjNDbS4kR7VSEzUgukqleuD0E0l07RNHTP/meqkR4SCiSmyYaAykq7F5khHuL2sBn6woRpeCCo2dtMDPjKyD90w2jm9dR8LwTqhvucb66A4le3TGyMbMO0ZxF/AjWWeSgarm7duXDA+wJ6QN2NLvvOENqcMb4nAegibdvUNxLYCHeSbU2glbEG1IZUOi/pmSRfO3 root@ubuntu-xenial
-----END SSH HOST KEY KEYS-----
[   16.052593] cloud-init[1365]: Cloud-init v. 18.4-0ubuntu1~16.04.2 running 'modules:final' at Mon, 25 Mar 2019 14:07:42 +0000. Up 15.77 seconds.
[   16.052934] cloud-init[1365]: ci-info: no authorized ssh keys fingerprints found for user ubuntu.
[   16.053847] cloud-init[1365]: Cloud-init v. 18.4-0ubuntu1~16.04.2 finished at Mon, 25 Mar 2019 14:07:42 +0000. Datasource DataSourceNoCloud [seed=/dev/sdb][dsmode=net].  Up 16.04 seconds

Ubuntu 16.04.5 LTS ubuntu-xenial ttyS0

ubuntu-xenial login: 